../Drivers/STM32G4xx_HAL_Driver/Src/stm32g4xx_hal_rcc_ex.c:123:19:HAL_RCCEx_PeriphCLKConfig	32	static
../Drivers/STM32G4xx_HAL_Driver/Src/stm32g4xx_hal_rcc_ex.c:497:6:HAL_RCCEx_GetPeriphCLKConfig	16	static
../Drivers/STM32G4xx_HAL_Driver/Src/stm32g4xx_hal_rcc_ex.c:677:10:HAL_RCCEx_GetPeriphCLKFreq	40	static
../Drivers/STM32G4xx_HAL_Driver/Src/stm32g4xx_hal_rcc_ex.c:1327:6:HAL_RCCEx_EnableLSECSS	4	static
../Drivers/STM32G4xx_HAL_Driver/Src/stm32g4xx_hal_rcc_ex.c:1337:6:HAL_RCCEx_DisableLSECSS	4	static
../Drivers/STM32G4xx_HAL_Driver/Src/stm32g4xx_hal_rcc_ex.c:1350:6:HAL_RCCEx_EnableLSECSS_IT	4	static
../Drivers/STM32G4xx_HAL_Driver/Src/stm32g4xx_hal_rcc_ex.c:1367:6:HAL_RCCEx_LSECSS_IRQHandler	8	static
../Drivers/STM32G4xx_HAL_Driver/Src/stm32g4xx_hal_rcc_ex.c:1384:13:HAL_RCCEx_LSECSS_Callback	4	static
../Drivers/STM32G4xx_HAL_Driver/Src/stm32g4xx_hal_rcc_ex.c:1399:6:HAL_RCCEx_EnableLSCO	48	static
../Drivers/STM32G4xx_HAL_Driver/Src/stm32g4xx_hal_rcc_ex.c:1446:6:HAL_RCCEx_DisableLSCO	16	static
../Drivers/STM32G4xx_HAL_Driver/Src/stm32g4xx_hal_rcc_ex.c:1554:6:HAL_RCCEx_CRSConfig	24	static
../Drivers/STM32G4xx_HAL_Driver/Src/stm32g4xx_hal_rcc_ex.c:1596:6:HAL_RCCEx_CRSSoftwareSynchronizationGenerate	4	static
../Drivers/STM32G4xx_HAL_Driver/Src/stm32g4xx_hal_rcc_ex.c:1606:6:HAL_RCCEx_CRSGetSynchronizationInfo	16	static
../Drivers/STM32G4xx_HAL_Driver/Src/stm32g4xx_hal_rcc_ex.c:1639:10:HAL_RCCEx_CRSWaitSynchronization	24	static
../Drivers/STM32G4xx_HAL_Driver/Src/stm32g4xx_hal_rcc_ex.c:1722:6:HAL_RCCEx_CRS_IRQHandler	24	static
../Drivers/STM32G4xx_HAL_Driver/Src/stm32g4xx_hal_rcc_ex.c:1787:13:HAL_RCCEx_CRS_SyncOkCallback	4	static
../Drivers/STM32G4xx_HAL_Driver/Src/stm32g4xx_hal_rcc_ex.c:1798:13:HAL_RCCEx_CRS_SyncWarnCallback	4	static
../Drivers/STM32G4xx_HAL_Driver/Src/stm32g4xx_hal_rcc_ex.c:1809:13:HAL_RCCEx_CRS_ExpectedSyncCallback	4	static
../Drivers/STM32G4xx_HAL_Driver/Src/stm32g4xx_hal_rcc_ex.c:1825:13:HAL_RCCEx_CRS_ErrorCallback	16	static
